// Jest Snapshot v1, https://goo.gl/fbAQLP

exports[`renders a card 1`] = `
<div
  className="card"
  style={
    Object {
      "width": "18rem",
    }
  }
>
  <img
    className="card-img-top"
    src="./logan.jpg"
  />
  <div
    className="card-body"
  >
    <div
      className="card-title h5"
    >
      Logan CoBell
    </div>
    <h3>
      Find me on GitHub at github.com/lcobell
    </h3>
    <p
      className="card-text"
    >
      My name is Logan CoBell and I am a Software Development student at Old Dominion University and Discovery Partners Institute. To fund this endeavor I bartend at RPM Steak in Chicago, Illinois. In my free time I enjoy running with my dogs, working out, and checking out Chicago's restaurant scene.
    </p>
    <button
      className="btn btn-primary"
      disabled={false}
      type="button"
    >
      Go somewhere
    </button>
  </div>
</div>
`;
